[wuzzi.net/posts/index.html]
[backblue.gif]
[fade.gif]
[index.html]
[wuzzi.net/posts/index.xml]
[wuzzi.net/posts/js/jquery-1.11.3.min.js]
[wuzzi.net/posts/static-data-ex/index.html]
[wuzzi.net/posts/data-archival/index.html]
[wuzzi.net/posts/static-text-basic/index.html]
[wuzzi.net/posts/data-exfiltration-framing/index.html]
[wuzzi.net/posts/js/jquery.fitvids.js]
[wuzzi.net/posts/js/scripts.js]
[wuzzi.net/posts/index.html]
[wuzzi.net/posts/svg/index.html]
[wuzzi.net/posts/svg-inline/index.html]
[wuzzi.net/posts/sqlserver/index.html]
[wuzzi.net/posts/data-exfiltration-option-markdown/index.html]
[wuzzi.net/posts/dist/site.css]
[wuzzi.net/posts/data-exfiltration/index.html]
[wuzzi.net/posts/data-exfiltration-simple-copy/index.html]
[wuzzi.net/posts/playground/index.html]
[wuzzi.net/posts/introduction/index.html]
[wuzzi.net/posts/dist/syntax.css]
[wuzzi.net/posts/data-archival/index.html]
[wuzzi.net/posts/static-data-ex/index.html]
[wuzzi.net/posts/static-text-basic/index.html]
[wuzzi.net/posts/data-exfiltration-framing/index.html]
[wuzzi.net/posts/svg-inline/index.html]
[wuzzi.net/posts/svg/index.html]
[wuzzi.net/posts/sqlserver/index.html]
[wuzzi.net/posts/data-exfiltration-option-markdown/index.html]
[wuzzi.net/posts/data-exfiltration/index.html]
[wuzzi.net/posts/data-exfiltration-simple-copy/index.html]
[wuzzi.net/posts/playground/index.html]
[wuzzi.net/posts/introduction/index.html]
